// Jest Snapshot v1, https://goo.gl/fbAQLP

exports[`AppConfigComponent this should be equal to the snapshot 1`] = `
"<a id=\\"layout-config-button\\" class=\\"layout-config-button\\" style=\\"cursor: pointer;\\"><i class=\\"pi pi-cog\\"></i></a><div class=\\"layout-config\\" ng-reflect-ng-class=\\"[object Object]\\"><h5>Menu Type</h5><div class=\\"field-radiobutton\\"><p-radiobutton name=\\"layoutMode\\" value=\\"static\\" inputid=\\"layoutMode1\\" class=\\"p-element ng-untouched ng-pristine ng-valid\\" ng-reflect-name=\\"layoutMode\\" ng-reflect-value=\\"static\\" ng-reflect-input-id=\\"layoutMode1\\" ng-reflect-model=\\"sidebar\\"><div ng-reflect-ng-class=\\"[object Object]\\" class=\\"p-radiobutton p-component\\"><div class=\\"p-hidden-accessible\\"><input type=\\"radio\\" id=\\"layoutMode1\\" name=\\"layoutMode\\" value=\\"static\\" aria-checked=\\"false\\"></div><div ng-reflect-ng-class=\\"[object Object]\\" class=\\"p-radiobutton-box\\"><span class=\\"p-radiobutton-icon\\"></span></div></div><!--bindings={}--></p-radiobutton><label for=\\"layoutMode1\\">Static</label></div><div class=\\"field-radiobutton\\"><p-radiobutton name=\\"layoutMode\\" value=\\"overlay\\" inputid=\\"layoutMode2\\" class=\\"p-element ng-untouched ng-pristine ng-valid\\" ng-reflect-name=\\"layoutMode\\" ng-reflect-value=\\"overlay\\" ng-reflect-input-id=\\"layoutMode2\\" ng-reflect-model=\\"sidebar\\"><div ng-reflect-ng-class=\\"[object Object]\\" class=\\"p-radiobutton p-component\\"><div class=\\"p-hidden-accessible\\"><input type=\\"radio\\" id=\\"layoutMode2\\" name=\\"layoutMode\\" value=\\"overlay\\" aria-checked=\\"false\\"></div><div ng-reflect-ng-class=\\"[object Object]\\" class=\\"p-radiobutton-box\\"><span class=\\"p-radiobutton-icon\\"></span></div></div><!--bindings={}--></p-radiobutton><label for=\\"layoutMode2\\">Overlay</label></div><div class=\\"field-radiobutton\\"><p-radiobutton name=\\"layoutMode\\" value=\\"slim\\" inputid=\\"layoutMode3\\" class=\\"p-element ng-untouched ng-pristine ng-valid\\" ng-reflect-name=\\"layoutMode\\" ng-reflect-value=\\"slim\\" ng-reflect-input-id=\\"layoutMode3\\" ng-reflect-model=\\"sidebar\\"><div ng-reflect-ng-class=\\"[object Object]\\" class=\\"p-radiobutton p-component\\"><div class=\\"p-hidden-accessible\\"><input type=\\"radio\\" id=\\"layoutMode3\\" name=\\"layoutMode\\" value=\\"slim\\" aria-checked=\\"false\\"></div><div ng-reflect-ng-class=\\"[object Object]\\" class=\\"p-radiobutton-box\\"><span class=\\"p-radiobutton-icon\\"></span></div></div><!--bindings={}--></p-radiobutton><label for=\\"layoutMode3\\">Slim</label></div><div class=\\"field-radiobutton\\"><p-radiobutton name=\\"layoutMode\\" value=\\"horizontal\\" inputid=\\"layoutMode4\\" class=\\"p-element ng-untouched ng-pristine ng-valid\\" ng-reflect-name=\\"layoutMode\\" ng-reflect-value=\\"horizontal\\" ng-reflect-input-id=\\"layoutMode4\\" ng-reflect-model=\\"sidebar\\"><div ng-reflect-ng-class=\\"[object Object]\\" class=\\"p-radiobutton p-component\\"><div class=\\"p-hidden-accessible\\"><input type=\\"radio\\" id=\\"layoutMode4\\" name=\\"layoutMode\\" value=\\"horizontal\\" aria-checked=\\"false\\"></div><div ng-reflect-ng-class=\\"[object Object]\\" class=\\"p-radiobutton-box\\"><span class=\\"p-radiobutton-icon\\"></span></div></div><!--bindings={}--></p-radiobutton><label for=\\"layoutMode4\\">Horizontal</label></div><div class=\\"field-radiobutton\\"><p-radiobutton name=\\"layoutMode\\" value=\\"sidebar\\" inputid=\\"layoutMode5\\" class=\\"p-element ng-untouched ng-pristine ng-valid\\" ng-reflect-name=\\"layoutMode\\" ng-reflect-value=\\"sidebar\\" ng-reflect-input-id=\\"layoutMode5\\" ng-reflect-model=\\"sidebar\\"><div ng-reflect-ng-class=\\"[object Object]\\" class=\\"p-radiobutton p-component\\"><div class=\\"p-hidden-accessible\\"><input type=\\"radio\\" id=\\"layoutMode5\\" name=\\"layoutMode\\" value=\\"sidebar\\" aria-checked=\\"false\\"></div><div ng-reflect-ng-class=\\"[object Object]\\" class=\\"p-radiobutton-box\\"><span class=\\"p-radiobutton-icon\\"></span></div></div><!--bindings={}--></p-radiobutton><label for=\\"layoutMode5\\">Sidebar</label></div><h5>Color Scheme</h5><div class=\\"field-radiobutton\\"><p-radiobutton name=\\"darkMode\\" value=\\"light\\" inputid=\\"darkMode1\\" class=\\"p-element ng-untouched ng-pristine ng-valid\\" ng-reflect-name=\\"darkMode\\" ng-reflect-value=\\"light\\" ng-reflect-input-id=\\"darkMode1\\" ng-reflect-model=\\"dark\\"><div ng-reflect-ng-class=\\"[object Object]\\" class=\\"p-radiobutton p-component\\"><div class=\\"p-hidden-accessible\\"><input type=\\"radio\\" id=\\"darkMode1\\" name=\\"darkMode\\" value=\\"light\\" aria-checked=\\"false\\"></div><div ng-reflect-ng-class=\\"[object Object]\\" class=\\"p-radiobutton-box\\"><span class=\\"p-radiobutton-icon\\"></span></div></div><!--bindings={}--></p-radiobutton><label for=\\"darkMode1\\">Light</label></div><div class=\\"field-radiobutton\\"><p-radiobutton name=\\"darkMode\\" value=\\"dark\\" inputid=\\"darkMode2\\" class=\\"p-element ng-untouched ng-pristine ng-valid\\" ng-reflect-name=\\"darkMode\\" ng-reflect-value=\\"dark\\" ng-reflect-input-id=\\"darkMode2\\" ng-reflect-model=\\"dark\\"><div ng-reflect-ng-class=\\"[object Object]\\" class=\\"p-radiobutton p-component\\"><div class=\\"p-hidden-accessible\\"><input type=\\"radio\\" id=\\"darkMode2\\" name=\\"darkMode\\" value=\\"dark\\" aria-checked=\\"false\\"></div><div ng-reflect-ng-class=\\"[object Object]\\" class=\\"p-radiobutton-box\\"><span class=\\"p-radiobutton-icon\\"></span></div></div><!--bindings={}--></p-radiobutton><label for=\\"darkMode2\\">Dark</label></div><h5>Ripple Effect</h5><p-inputswitch class=\\"p-element ng-untouched ng-pristine ng-valid\\" ng-reflect-model=\\"true\\"><div ng-reflect-ng-class=\\"[object Object]\\" class=\\"p-inputswitch p-component\\"><div class=\\"p-hidden-accessible\\"><input type=\\"checkbox\\" role=\\"switch\\" aria-checked=\\"false\\"></div><span class=\\"p-inputswitch-slider\\"></span></div></p-inputswitch><h5>Layouts</h5><div class=\\"layout-themes\\"><div><a style=\\"cursor: pointer; background-color: rgb(15, 139, 253);\\" ng-reflect-ng-style=\\"[object Object]\\"><i class=\\"pi pi-check\\"></i><!--bindings={
  \\"ng-reflect-ng-if\\": \\"true\\"
}--></a></div><div><a style=\\"cursor: pointer; background-color: rgb(11, 209, 138);\\" ng-reflect-ng-style=\\"[object Object]\\"><!--bindings={
  \\"ng-reflect-ng-if\\": \\"false\\"
}--></a></div><div><a style=\\"cursor: pointer; background-color: rgb(236, 77, 188);\\" ng-reflect-ng-style=\\"[object Object]\\"><!--bindings={
  \\"ng-reflect-ng-if\\": \\"false\\"
}--></a></div><div><a style=\\"cursor: pointer; background-color: rgb(253, 146, 20);\\" ng-reflect-ng-style=\\"[object Object]\\"><!--bindings={
  \\"ng-reflect-ng-if\\": \\"false\\"
}--></a></div><div><a style=\\"cursor: pointer; background-color: rgb(135, 62, 254);\\" ng-reflect-ng-style=\\"[object Object]\\"><!--bindings={
  \\"ng-reflect-ng-if\\": \\"false\\"
}--></a></div><div><a style=\\"cursor: pointer; background-color: rgb(252, 97, 97);\\" ng-reflect-ng-style=\\"[object Object]\\"><!--bindings={
  \\"ng-reflect-ng-if\\": \\"false\\"
}--></a></div><div><a style=\\"cursor: pointer; background-color: rgb(0, 208, 222);\\" ng-reflect-ng-style=\\"[object Object]\\"><!--bindings={
  \\"ng-reflect-ng-if\\": \\"false\\"
}--></a></div><div><a style=\\"cursor: pointer; background-color: rgb(238, 229, 0);\\" ng-reflect-ng-style=\\"[object Object]\\"><!--bindings={
  \\"ng-reflect-ng-if\\": \\"false\\"
}--></a></div><!--bindings={
  \\"ng-reflect-ng-for-of\\": \\"[object Object],[object Object\\"
}--></div><h5>Themes</h5><div class=\\"layout-themes\\"><div><a style=\\"cursor: pointer; background-color: rgb(15, 139, 253);\\" ng-reflect-ng-style=\\"[object Object]\\"><i class=\\"pi pi-check\\"></i><!--bindings={
  \\"ng-reflect-ng-if\\": \\"true\\"
}--></a></div><div><a style=\\"cursor: pointer; background-color: rgb(11, 209, 138);\\" ng-reflect-ng-style=\\"[object Object]\\"><!--bindings={
  \\"ng-reflect-ng-if\\": \\"false\\"
}--></a></div><div><a style=\\"cursor: pointer; background-color: rgb(236, 77, 188);\\" ng-reflect-ng-style=\\"[object Object]\\"><!--bindings={
  \\"ng-reflect-ng-if\\": \\"false\\"
}--></a></div><div><a style=\\"cursor: pointer; background-color: rgb(253, 146, 20);\\" ng-reflect-ng-style=\\"[object Object]\\"><!--bindings={
  \\"ng-reflect-ng-if\\": \\"false\\"
}--></a></div><div><a style=\\"cursor: pointer; background-color: rgb(135, 62, 254);\\" ng-reflect-ng-style=\\"[object Object]\\"><!--bindings={
  \\"ng-reflect-ng-if\\": \\"false\\"
}--></a></div><div><a style=\\"cursor: pointer; background-color: rgb(252, 97, 97);\\" ng-reflect-ng-style=\\"[object Object]\\"><!--bindings={
  \\"ng-reflect-ng-if\\": \\"false\\"
}--></a></div><div><a style=\\"cursor: pointer; background-color: rgb(0, 208, 222);\\" ng-reflect-ng-style=\\"[object Object]\\"><!--bindings={
  \\"ng-reflect-ng-if\\": \\"false\\"
}--></a></div><div><a style=\\"cursor: pointer; background-color: rgb(238, 229, 0);\\" ng-reflect-ng-style=\\"[object Object]\\"><!--bindings={
  \\"ng-reflect-ng-if\\": \\"false\\"
}--></a></div><!--bindings={
  \\"ng-reflect-ng-for-of\\": \\"[object Object],[object Object\\"
}--></div></div>"
`;
