// Jest Snapshot v1, https://goo.gl/fbAQLP

exports[`LoginComponent this should be equal to the snapshot 1`] = `"<div class=\\"login-body\\"><div class=\\"login-image\\"></div><div class=\\"login-panel p-fluid\\"><div class=\\"flex flex-column\\"><div class=\\"flex align-items-center mb-6 logo-container\\"><img class=\\"login-logo\\" src=\\"assets/layout/images/logo-light.png\\"><img class=\\"login-appname\\" src=\\"assets/layout/images/appname-light.png\\"></div><form><div class=\\"form-container\\"><span class=\\"p-input-icon-left\\"><i class=\\"pi pi-user\\"></i><solu-dev-input-text-one type=\\"text\\" autocomplete=\\"off\\" placeholder=\\"Username\\" name=\\"username\\" class=\\"p-input-icon-left\\" ng-reflect-type=\\"text\\" ng-reflect-autocomplete=\\"off\\" ng-reflect-placeholder=\\"Username\\" ng-reflect-name=\\"username\\" ng-reflect-required=\\"true\\" ng-reflect-model=\\"\\" ng-reflect-autofocus=\\"true\\"><input pinputtext=\\"\\" autofocus=\\"\\" class=\\"p-inputtext p-component p-element ng-invalid ng-untouched ng-pristine\\" type=\\"text\\" autocomplete=\\"off\\" placeholder=\\"Username\\" ng-reflect-model=\\"\\" ng-reflect-ng-class=\\"ng-dirty ng-invalid\\" ng-reflect-required=\\"true\\" ng-reflect-name=\\"username\\" required=\\"\\"></solu-dev-input-text-one></span><span class=\\"p-input-icon-left\\"><i class=\\"pi pi-key\\"></i><solu-dev-input-text-one type=\\"password\\" autocomplete=\\"off\\" name=\\"password\\" placeholder=\\"Password\\" class=\\"p-input-icon-left\\" ng-reflect-type=\\"password\\" ng-reflect-autocomplete=\\"off\\" ng-reflect-name=\\"password\\" ng-reflect-placeholder=\\"Password\\" ng-reflect-required=\\"true\\" ng-reflect-model=\\"\\"><input pinputtext=\\"\\" class=\\"p-inputtext p-component p-element ng-invalid ng-untouched ng-pristine\\" type=\\"password\\" autocomplete=\\"off\\" placeholder=\\"Password\\" ng-reflect-model=\\"\\" ng-reflect-ng-class=\\"ng-dirty ng-invalid\\" ng-reflect-required=\\"true\\" ng-reflect-name=\\"password\\" required=\\"\\"></solu-dev-input-text-one></span><a class=\\"flex\\">Forgot your password?</a></div><div class=\\"button-container\\"><solu-dev-button-one type=\\"submit\\" textcontent=\\"Login\\" ng-reflect-type=\\"submit\\" ng-reflect-text-content=\\"Login\\"><button pbutton=\\"\\" pripple=\\"\\" class=\\"p-element p-ripple p-button p-component\\" type=\\"submit\\" ng-reflect-label=\\"Login\\"><span class=\\"p-button-label\\">Login</span><span class=\\"p-ink\\"></span></button></solu-dev-button-one></div></form></div><div class=\\"login-footer flex align-items-center\\"><div class=\\"flex align-items-center login-footer-logo-container\\"><img src=\\"assets/layout/images/logo-gray.png\\" class=\\"login-footer-logo\\"><img src=\\"assets/layout/images/appname-gray.png\\" class=\\"login-footer-appname\\"></div><span>Copyright 2022</span></div></div></div>"`;
